[umarr.framer.website/index.html]
[backblue.gif]
[fade.gif]
[index.html]
[framerusercontent.com/images/xKUKIZcrgx39B5mHlN4VPJ8VTk.png]
[framerusercontent.com/images/0kRYx0NpOuTv0ToWN2d2VoQC5A5931.png]
[umarr.framer.website/about.html]
[framerusercontent.com/images/uAhQ7czADqdbyf6uHmmNMT42Y7731.jpg]
[framerusercontent.com/images/pF7KaopiZepI92NWRNN0ibfKjg7eb8.png]
[framerusercontent.com/images/0bjgNvKomBNTzX8s4DIKFp3sWo7eb8.png]
[framerusercontent.com/images/UXmDA0G1ZWEDAZiqPt9GG6QGELU7eb8.png]
[framerusercontent.com/images/XaTiHv67T4Xxugya9G39PAAJaI673a.png]
[framerusercontent.com/images/6zt8DdCJloOONz99p9goE1ugNY7eb8.png]
[framerusercontent.com/images/DURrlFaodivhInm6cT7s3ovfyU7eb8.png]
[framerusercontent.com/images/OhlFbpVHm3Mv9s25FRVOhJo7N4d2cd.png]
[framerusercontent.com/images/jfF8Ig4UnrkhHsb7V3kDpcKZOxU7eb8.png]
[framerusercontent.com/images/1mJJUq9CJGXX2dM9IW8r5pGRgx0f2f0.png]
[framerusercontent.com/images/1EJADiah8mTRRjBGILcRi730hI84fa8.png]
[umarr.framer.website/construita.html]
[framerusercontent.com/images/N6iCwxW4a6KdlyhUyRKzXR9Fptgdf92.png]
[umarr.framer.website/ordo.html]
[framerusercontent.com/images/X8vEZg1OfQESzIH5sHAOiHftjk12a6.png]
[framerusercontent.com/images/hc0j2gUSIq5yOlTIosOUFBpUi8df92.png]
[framerusercontent.com/images/tZrJaNUZOo3kOdPEQUIUSkVb4844fa8.png]
[framerusercontent.com/images/nddWfCBemK3XArkCAUcpuxsf4do1f2e.png]
[framerusercontent.com/images/JYvGUvh2ff1dUhD2lwUrE3XoflYdfe3.png]
[framerusercontent.com/images/NVKa3W5LuoZlMBsRWaP9xezp70bb2d.png]
[framerusercontent.com/images/z5kPTe3XVBVC52saK6wCrdMJ4GU0b54.png]
[framerusercontent.com/images/PvIqalhmqQQCfGuuTBn1UD6EUiY1b32.png]
[umarr.framer.website/index.html]
[unpkg.com/lenis@1.2.4-dev.1/dist/lenis.css]
[framerusercontent.com/images/4erk3Qj0zUP1m2Hye1CHCl137mM480f.png]
[framerusercontent.com/images/mujhIiD7Pe8mwmJ8WnMbwSsFdWQ648a.png]
[framerusercontent.com/images/vPleOuV6GGHtz0vkcRzt8ywiM95a5.png]
[framerusercontent.com/images/sn3B5TUTEL5qiBhmduRuWKcxckwf022.png]
[framerusercontent.com/images/aipdZNaCqGXbcdxV7Boab3Gr18e1f1.png]
[framerusercontent.com/images/0o3VTfrYdqlYWZqC9qB3h0jyLkc0aa1.jpg]
[framerusercontent.com/images/Q5zeS59JZuSg5OH93zeYUeEh2s1d0f.jpg]
[framerusercontent.com/images/p3kgtcNuzRLscxz7p14HftrpVs3b6e.jpg]
[framerusercontent.com/images/oS93YzFKQ5wxNzeT5AfDdrhDodQ90a3.jpg]
[framerusercontent.com/images/fzpkEqiW9Sx3R5iuh2EMuFK0Z687d2b.jpg]
[framerusercontent.com/images/2EuIFBXLmSaNU4Diicrrdcow1F0b04c.jpg]
[framerusercontent.com/images/JSUp0BJuzjKsF9AYOgCp5F5os8dce.jpg]
[framerusercontent.com/images/a5tzCpSlMgWhIerySHAeQNURtTQ5b83.jpg]
[framerusercontent.com/images/xMJDPKqmBVJscPYsrbLteP70bg84e1.jpg]
[umarr.framer.website/about.html]
[framerusercontent.com/images/EqmsjSR14bXmGayNgIxjUWfyf5wd191.png]
[framerusercontent.com/images/rDxmNshEgWg16NuvJ2Ft4TOi8f026.png]
[framerusercontent.com/images/ssSnZFBkQCBUgNKNnPNdcWD7JI12f3.png]
[framerusercontent.com/images/TDZ9mPNFXgTlBEnoLQQWXqs12f3.png]
[framerusercontent.com/images/WTOSe8CDogy4TWy6UXD3zuq3Q12f3.png]
[framerusercontent.com/images/Q9OkCW2EMXirtsMZJJm3RtZtwa012f3.png]
[framerusercontent.com/images/77YxZSrEaqF7nCLSpuJXluL1aE887f.png]
[framerusercontent.com/images/DLGg56EW6DG21lyHEFtTDFZTRok5b11.png]
[framerusercontent.com/images/UrNFSMzmjMtUfij3yfT7nn5Bl0f5b8.png]
[framerusercontent.com/images/uzJO3C8Y1ZweMnr2faFRZlt7tvwf5b8.png]
[framerusercontent.com/images/8DjOUWIU7HdaU3bNPlVZwMEukf5b8.png]
[framerusercontent.com/images/dXT3IP0IrLfXJImmgoG9xaFcL04a7f.png]
[framerusercontent.com/images/v7ezuybHt8lCF1xpzT4MIUYgwf5b8.png]
[framerusercontent.com/images/fhjQgYC30e4IC4pRvNhVtD1oWN84fa8.png]
[umarr.framer.website/construita.html]
[umarr.framer.website/coming-soon.html]
[framerusercontent.com/images/lKsD038cnYQYU5gdQDKnIoZ6UYkb326.png]
[framerusercontent.com/images/Bxn78PYRzlFJMrygE0r4gzRLfMo3cf4.png]
[framerusercontent.com/images/psx03EEsbQ8OZoFPR5fwMzSVxE7867.png]
[framerusercontent.com/images/AhMAcqxSghUdcEo2HWap7NbjO047404.png]
[framerusercontent.com/images/QtaDGQ0bM9HmLx92T2NuwLNC7DY6b48.png]
[framerusercontent.com/images/EPpESB75SbD4BX8hSNq6pHy1yA08f21.png]
[framerusercontent.com/images/j94HNWt3TpdNYQQYD22tCLdVo5855.png]
[framerusercontent.com/images/oyxSr7MieWFt6GD1rS4vtwUBQaf33.png]
[framerusercontent.com/images/b9Ln0BzvU4W6OvIGxDIzCkEsQkd632.png]
[framerusercontent.com/images/IvtPWYuHPymoV6EWX8UKkPRP3g40f2.png]
[framerusercontent.com/images/pYhdWLoSzEfoNrUnqHRsT3Xj14d958.png]
[framerusercontent.com/images/TA7davY06Gq8976dwDd2Lf3XYLI40f2.png]
[framerusercontent.com/images/6swXzrhvSDRdZwggX18UDzVheVc98d6.png]
[framerusercontent.com/images/lM0ZwWEHQLn4w3cYnIdXFt13WE40f2.png]
[framerusercontent.com/images/MnLfFfv2eym4aJUr7o19YG71A0c4e4.png]
[framerusercontent.com/images/z4b6jfFbo47GAZYOVJc8ciFMXk432e.png]
[framerusercontent.com/images/KYv62hXIoG2pZCPMvMuXncOIwa1d1.png]
[framerusercontent.com/images/Dvii62g9q7INJv3izwikf1FNAI5bb4.png]
[framerusercontent.com/images/fkrK1ZuVzyFX8VxcAMF0BAfpe4521f.png]
[framerusercontent.com/images/UE9qhWeSio5W6LkEHyVCN4Z5N0048eb.png]
[umarr.framer.website/ordo.html]
[unpkg.com/lenis@1.2.4-dev.1/dist/lenis.css]
[umarr.framer.website/BBRXvtxC577zBJpe9hQdbeCT0mM.html]
[umarr.framer.website/CKa1jmpyno87nJp3zXWKcrvlmjY.html]
[umarr.framer.website/nabGdOWsavJLlDaqM8drscqPNs.html]
[umarr.framer.website/piUgIwc2uSm7Cwu4d3rYRcDUytM.html]
[framerusercontent.com/images/6mcf62RlDfRfU61Yg5vb2pefpi42774.png]
[umarr.framer.website/coming-soon.html]
